[INFO] Scanning for projects...
[INFO] 
[INFO] ----------------------< com.ids.bot:selenium-bot >----------------------
[INFO] Building selenium-bot 1.0
[INFO]   from pom.xml
[INFO] --------------------------------[ jar ]---------------------------------
[INFO] 
[INFO] --- resources:3.4.0:resources (default-resources) @ selenium-bot ---
[INFO] skip non existing resourceDirectory /Users/mustafa/Desktop/selenium-bot/src/main/resources
[INFO] 
[INFO] --- compiler:3.13.0:compile (default-compile) @ selenium-bot ---
[INFO] Recompiling the module because of changed source code.
[INFO] Compiling 19 source files with javac [debug target 21] to target/classes
[WARNING] location of system modules is not set in conjunction with -source 21
  not setting the location of system modules may lead to class files that cannot run on JDK 21
    --release 21 is recommended instead of -source 21 -target 21 because it sets the location of system modules automatically
[WARNING] /Users/mustafa/Desktop/selenium-bot/src/main/java/com/ids/bot/util/TimingProfile.java:[12,8] deprecated item is not annotated with @Deprecated
[INFO] /Users/mustafa/Desktop/selenium-bot/src/main/java/com/ids/bot/scenarios/BrowsingScenario.java: Some input files use or override a deprecated API.
[INFO] /Users/mustafa/Desktop/selenium-bot/src/main/java/com/ids/bot/scenarios/BrowsingScenario.java: Recompile with -Xlint:deprecation for details.
[INFO] 
[INFO] --- exec:3.3.0:java (default-cli) @ selenium-bot ---
Jul 05, 2026 2:22:20 PM org.openqa.selenium.devtools.CdpVersionFinder findNearestMatch
WARNING: Unable to find CDP implementation matching 149
Jul 05, 2026 2:22:20 PM org.openqa.selenium.devtools.CdpVersionFinder findNearestMatch
WARNING: Unable to find CDP implementation matching 149
Jul 05, 2026 2:22:20 PM org.openqa.selenium.devtools.CdpVersionFinder findNearestMatch
WARNING: Unable to find CDP implementation matching 149
Jul 05, 2026 2:22:20 PM org.openqa.selenium.chromium.ChromiumDriver lambda$new$5
WARNING: Unable to find version of CDP to use for 149.0.7827.201. You may need to include a dependency on a specific version of the CDP using something similar to `org.seleniumhq.selenium:selenium-devtools-v86:4.21.0` where the version ("v86") matches the version of the chromium-based browser you're using and the version number of the artifact is the same as Selenium's.
Jul 05, 2026 2:22:20 PM org.openqa.selenium.chromium.ChromiumDriver lambda$new$5
WARNING: Unable to find version of CDP to use for 149.0.7827.201. You may need to include a dependency on a specific version of the CDP using something similar to `org.seleniumhq.selenium:selenium-devtools-v86:4.21.0` where the version ("v86") matches the version of the chromium-based browser you're using and the version number of the artifact is the same as Selenium's.
Jul 05, 2026 2:22:20 PM org.openqa.selenium.chromium.ChromiumDriver lambda$new$5
WARNING: Unable to find version of CDP to use for 149.0.7827.201. You may need to include a dependency on a specific version of the CDP using something similar to `org.seleniumhq.selenium:selenium-devtools-v86:4.21.0` where the version ("v86") matches the version of the chromium-based browser you're using and the version number of the artifact is the same as Selenium's.
CDP Network.enable result: {}
CDP Network.enable result: {}
CDP Network.enable result: {}
CDP setCacheDisabled result: {}
CDP cache disable VERIFIED — cache is off for this session.
CDP setCacheDisabled result: {}
CDP cache disable VERIFIED — cache is off for this session.
CDP setCacheDisabled result: {}
CDP cache disable VERIFIED — cache is off for this session.
[FormFilling] Entry 1: PRODUCTS (brief orientation)
[Browsing] 1: CONTACT
[Searching] 1: PRODUCTS
[FormFilling] Entry 2: HOME (brief orientation)
[FormFilling] CONTACT page opened - filling form
[Searching] 2: HOME
[Searching] 3: PRODUCTS
[ProductDetail] Alert: Ürün sepete eklendi: MechType RGB Keyboard
[Searching] 4: added to cart - MechType RGB Keyboard
[FormFilling] Contact form submitted
[Searching] 5: PRODUCT_DETAIL - GlideX Wireless Mouse
[Searching] 6: PRODUCTS
[Searching] session ending — user left
[Searching] Scenario completed (6 actions)
[FormFilling] session ending — user left
[FormFilling] Scenario completed
[Browsing] 2: HOME
[Browsing] 3: PRODUCTS
[Browsing] 4: PRODUCT_DETAIL - GlideX Wireless Mouse
[Browsing] 5: PRODUCTS
[Browsing] session ending — user left
[Browsing] Scenario completed (5 actions)

================ PARALLEL RUN SUMMARY ================
OK   browsing     (bot-browsing)
OK   searching    (bot-searching)
OK   formfilling  (bot-formfilling)
3/3 bots completed successfully.
[INFO] ------------------------------------------------------------------------
[INFO] BUILD SUCCESS
[INFO] ------------------------------------------------------------------------
[INFO] Total time:  01:29 min
[INFO] Finished at: 2026-07-05T14:23:48+03:00
[INFO] ------------------------------------------------------------------------
